---
source: lexer/src/lexer.rs
expression: tokens
---
[
    Ok(
        Token {
            kind: If,
            range: (
                0,
                2,
            ),
            line: 1,
        },
    ),
    Ok(
        Token {
            kind: Else,
            range: (
                3,
                7,
            ),
            line: 1,
        },
    ),
    Ok(
        Token {
            kind: While,
            range: (
                8,
                13,
            ),
            line: 1,
        },
    ),
    Ok(
        Token {
            kind: Class,
            range: (
                14,
                19,
            ),
            line: 1,
        },
    ),
    Ok(
        Token {
            kind: New,
            range: (
                20,
                23,
            ),
            line: 1,
        },
    ),
    Ok(
        Token {
            kind: Return,
            range: (
                24,
                30,
            ),
            line: 1,
        },
    ),
    Ok(
        Token {
            kind: Public,
            range: (
                31,
                37,
            ),
            line: 1,
        },
    ),
    Ok(
        Token {
            kind: Private,
            range: (
                38,
                45,
            ),
            line: 1,
        },
    ),
    Ok(
        Token {
            kind: This,
            range: (
                46,
                50,
            ),
            line: 1,
        },
    ),
    Ok(
        Token {
            kind: Int,
            range: (
                51,
                54,
            ),
            line: 1,
        },
    ),
    Ok(
        Token {
            kind: Boolean,
            range: (
                55,
                62,
            ),
            line: 1,
        },
    ),
    Ok(
        Token {
            kind: Void,
            range: (
                63,
                67,
            ),
            line: 1,
        },
    ),
    Ok(
        Token {
            kind: False,
            range: (
                68,
                73,
            ),
            line: 1,
        },
    ),
    Ok(
        Token {
            kind: True,
            range: (
                74,
                78,
            ),
            line: 1,
        },
    ),
]
