---
source: lexer/src/lexer.rs
expression: tokens
---
[
    Ok(
        Token {
            kind: Plus,
            range: (
                0,
                1,
            ),
            coords: Coords {
                line: 1,
                column: 0,
            },
        },
    ),
    Ok(
        Token {
            kind: Minus,
            range: (
                1,
                2,
            ),
            coords: Coords {
                line: 1,
                column: 0,
            },
        },
    ),
    Ok(
        Token {
            kind: Star,
            range: (
                2,
                3,
            ),
            coords: Coords {
                line: 1,
                column: 0,
            },
        },
    ),
    Ok(
        Token {
            kind: Slash,
            range: (
                3,
                4,
            ),
            coords: Coords {
                line: 1,
                column: 0,
            },
        },
    ),
    Ok(
        Token {
            kind: LeftParen,
            range: (
                4,
                5,
            ),
            coords: Coords {
                line: 1,
                column: 0,
            },
        },
    ),
    Ok(
        Token {
            kind: RightParen,
            range: (
                5,
                6,
            ),
            coords: Coords {
                line: 1,
                column: 0,
            },
        },
    ),
    Ok(
        Token {
            kind: LeftBrace,
            range: (
                6,
                7,
            ),
            coords: Coords {
                line: 1,
                column: 0,
            },
        },
    ),
    Ok(
        Token {
            kind: RightBrace,
            range: (
                7,
                8,
            ),
            coords: Coords {
                line: 1,
                column: 0,
            },
        },
    ),
    Ok(
        Token {
            kind: LeftBracket,
            range: (
                8,
                9,
            ),
            coords: Coords {
                line: 1,
                column: 0,
            },
        },
    ),
    Ok(
        Token {
            kind: RightBracket,
            range: (
                9,
                10,
            ),
            coords: Coords {
                line: 1,
                column: 0,
            },
        },
    ),
    Ok(
        Token {
            kind: Comma,
            range: (
                10,
                11,
            ),
            coords: Coords {
                line: 1,
                column: 0,
            },
        },
    ),
    Ok(
        Token {
            kind: Semicolon,
            range: (
                11,
                12,
            ),
            coords: Coords {
                line: 1,
                column: 0,
            },
        },
    ),
]
